// Jest Snapshot v1, https://goo.gl/fbAQLP

exports[`MessageItemComponent should match snapshot 1`] = `
<div
  id="root0"
>
  <div
    class="message-item message-item--left message-item--right"
  >
    <div
      class="flex flex-col"
    >
      <div
        class="user-avatar"
      >
         J 
      </div>
      <div
        class="font-light text-xs text-center text-gray-500"
      >
         Joyse 
      </div>
    </div>
    <div
      class="message-container"
    >
       Test Message Item 
    </div>
    <span
      class="absolute text-xs font-extralight text-gray-600 bottom-0 mx-16 flex items-center"
    >
       16:50 
      <svg-icon
        class="w-4 h-4 text-green-600"
        data-testid="status-icon"
      />
      
      
      
    </span>
  </div>
  
</div>
`;
