// Jest Snapshot v1, https://goo.gl/fbAQLP

exports[`MessageFormComponent should match snapshot 1`] = `
<div
  id="root0"
>
  <textarea
    class="w-full border border-solid border-gray-300 rounded p-2 resize-none"
    placeholder="Type your message here..."
    rows="3"
  />
  <button
    app-button=""
    icon="paper-airplane"
    primary=""
  >
     Send Message 
  </button>
</div>
`;
