// Jest Snapshot v1, https://goo.gl/fbAQLP

exports[`MainLayoutComponent should match snapshot 1`] = `
<div
  id="root0"
>
  <app-main-layout>
    <main
      class="bg-white min-h-screen flex flex-col"
    >
      <div
        class="py-4 max-w-6xl w-full mx-auto flex-grow flex flex-col"
      >
        <section>
          <h1
            heading=""
          >
            Heading Message
          </h1>
        </section>
        <div
          class="flex-grow"
        >
          <div
            content=""
          >
             Content Message 
          </div>
        </div>
      </div>
    </main>
  </app-main-layout>
</div>
`;
